// Jest Snapshot v1, https://goo.gl/fbAQLP

exports[`Pager It should render without error and a snapshot 1`] = `
<DocumentFragment>
  <div
    class="ids-pager"
  >
    <nav
      aria-label="Pagination"
      class="ids-pager__nav"
      data-test="pager1"
    >
      <ol
        class="ids-pager__list"
      >
        <li
          class="ids-pager__item"
        >
          <button
            aria-label="Go to previous page"
            class="ids-pager__button ids-pager__prev"
            disabled=""
          >
            <svg
              class="ids-icon"
              fill="none"
              height="24"
              viewBox="0 0 24 24"
              width="24"
              xmlns="http://www.w3.org/2000/svg"
            >
              <path
                clip-rule="evenodd"
                d="M14.53 5.47a.75.75 0 0 1 0 1.06L9.06 12l5.47 5.47a.75.75 0 1 1-1.06 1.06l-5.647-5.646a1.25 1.25 0 0 1 0-1.768L13.47 5.47a.75.75 0 0 1 1.06 0Z"
                fill="currentColor"
                fill-rule="evenodd"
              />
            </svg>
          </button>
        </li>
        <li
          class="ids-pager__item"
        >
          <button
            aria-current="page"
            aria-label="Page 1"
            class="ids-pager__button ids-pager__button--number ids-pager__button--selected"
          >
            1
          </button>
        </li>
        <li
          class="ids-pager__item"
        >
          <button
            aria-current="false"
            aria-label="Go to page 2"
            class="ids-pager__button ids-pager__button--number"
          >
            2
          </button>
        </li>
        <li
          class="ids-pager__item"
        >
          <button
            aria-current="false"
            aria-label="Go to page 3"
            class="ids-pager__button ids-pager__button--number"
          >
            3
          </button>
        </li>
        <li
          class="ids-pager__item"
        >
          <button
            aria-current="false"
            aria-label="Go to page 4"
            class="ids-pager__button ids-pager__button--number"
          >
            4
          </button>
        </li>
        <li
          class="ids-pager__item"
        >
          <button
            aria-current="false"
            aria-label="Go to page 5"
            class="ids-pager__button ids-pager__button--number"
          >
            5
          </button>
        </li>
        <li
          class="ids-pager__item"
        >
          <button
            aria-label="Jump forward 5 pages"
            class="ids-pager__button ids-pager__ellipsis"
          >
            <svg
              fill="none"
              height="12"
              viewBox="0 0 12 12"
              width="12"
              xmlns="http://www.w3.org/2000/svg"
            >
              <path
                d="M6 7C6.55228 7 7 6.55228 7 6C7 5.44772 6.55228 5 6 5C5.44772 5 5 5.44772 5 6C5 6.55228 5.44772 7 6 7Z"
                fill="currentColor"
              />
              <path
                d="M2 7C2.55228 7 3 6.55228 3 6C3 5.44772 2.55228 5 2 5C1.44772 5 1 5.44772 1 6C1 6.55228 1.44772 7 2 7Z"
                fill="currentColor"
              />
              <path
                d="M10 7C10.5523 7 11 6.55228 11 6C11 5.44772 10.5523 5 10 5C9.44772 5 9 5.44772 9 6C9 6.55228 9.44772 7 10 7Z"
                fill="currentColor"
              />
            </svg>
          </button>
        </li>
        <li
          class="ids-pager__item"
        >
          <button
            aria-current="false"
            aria-label="Go to page 10"
            class="ids-pager__button ids-pager__button--number"
          >
            10
          </button>
        </li>
        <li
          class="ids-pager__item"
        >
          <button
            aria-label="Go to next page"
            class="ids-pager__button ids-pager__next"
          >
            <svg
              class="ids-icon"
              fill="none"
              height="24"
              viewBox="0 0 24 24"
              width="24"
              xmlns="http://www.w3.org/2000/svg"
            >
              <path
                clip-rule="evenodd"
                d="M9.47 5.47a.75.75 0 0 0 0 1.06L14.94 12l-5.47 5.47a.75.75 0 1 0 1.06 1.06l5.647-5.646a1.25 1.25 0 0 0 0-1.768L10.53 5.47a.75.75 0 0 0-1.06 0Z"
                fill="currentColor"
                fill-rule="evenodd"
              />
            </svg>
          </button>
        </li>
      </ol>
    </nav>
    <div
      class="ids-pager__results"
    >
      1-5
of 50
    </div>
  </div>
</DocumentFragment>
`;
