// Jest Snapshot v1, https://goo.gl/fbAQLP

exports[`OptionButton It should render a snapshot 1`] = `
<DocumentFragment>
  <div
    class="ids-option-button"
    data-test="option-button-test-1"
  >
    <input
      class="ids-option-button__radio"
      id="option-button-test-1"
      type="radio"
    />
    <label
      class="ids-option-button__label"
      for="option-button-test-1"
    >
      <span
        class="ids-option-button__icon-container"
      >
        <svg
          class="ids-option-button__icon
                        ids-option-button__text-icon"
          fill="none"
          height="40"
          viewBox="0 0 40 40"
          width="40"
          xmlns="http://www.w3.org/2000/svg"
        >
          <path
            class="ids-option-button__icon-circle"
            d="M0 20C0 8.954 8.954 0 20 0s20 8.954 20 20-8.954 20-20 20S0 31.046 0 20Z"
          />
          <path
            d="M12.828 7a2 2 0 0 0-1.414.586L9.586 9.414A2 2 0 0 0 9 10.828V31a2 2 0 0 0 2 2h16.172a2 2 0 0 0 1.414-.586l1.828-1.828A2 2 0 0 0 31 29.172V9a2 2 0 0 0-2-2H12.828Z"
            fill="currentColor"
          />
          <path
            clip-rule="evenodd"
            d="M13 8.25h16a.75.75 0 0 1 .75.75v20a.75.75 0 0 1-.75.75H13a.75.75 0 0 1-.75-.75V9a.75.75 0 0 1 .75-.75Zm14 4.375H15v-1.25h12v1.25Zm-12 4h12v-1.25H15v1.25Zm12 4H15v-1.25h12v1.25Zm-12 4h7v-1.25h-7v1.25Z"
            fill="#fff"
            fill-rule="evenodd"
          />
        </svg>
      </span>
      <span
        class="ids-option-button__text-container"
      >
        <span
          class="ids-option-button__text"
        >
          I am an option button
        </span>
        <span
          class="ids-option-button__desc"
        />
      </span>
    </label>
  </div>
</DocumentFragment>
`;
