// Jest Snapshot v1, https://goo.gl/fbAQLP

exports[`Metric should render a snapshot 1`] = `
<DocumentFragment>
  <button
    class="ids-metric test-class ids-metric--positive ids-metric--score"
    data-test="ids-metric"
    type="button"
  >
    <div
      class="ids-metric__visual ids-metric__visual--positive"
    >
      <div>
        Icon
      </div>
    </div>
    <span
      class="ids-metric__content"
    >
      <span
        class="ids-metric__score-group"
      >
        <span
          class="ids-score ids-metric__score"
        >
          10.0
        </span>
         
        <span
          class="ids-score ids-metric__score ids-score--variation"
        >
          <svg
            aria-hidden="true"
            class="Icon-module__hop-Icon___QR-jY ids-score__arrow ids-score__arrow--positive"
            focusable="false"
            height="16"
            role="img"
            viewBox="0 0 16 16"
            width="16"
          >
            <path
              d="M7.468 1.229 2.363 6.333a.75.75 0 0 0 1.061 1.061l3.832-3.832v10.696a.75.75 0 0 0 1.5 0V3.562l3.832 3.832a.75.75 0 0 0 1.06-1.06L8.538 1.22a.75.75 0 0 0-1.069.008"
              fill-rule="evenodd"
            />
          </svg>
          1
          <span
            class="ids-score__postfix"
          >
             pt
          </span>
        </span>
      </span>
      <span
        class="ids-metric__name"
      >
        Test Metric
      </span>
    </span>
    <span
      class="ids-metric__status ids-metric__status--tooltip"
    >
      <span
        class="ids-tooltip__container"
        role="button"
        tabindex="0"
      >
        <svg
          aria-hidden="true"
          class="Icon-module__hop-Icon___QR-jY"
          focusable="false"
          height="16"
          role="img"
          viewBox="0 0 16 16"
          width="16"
        >
          <path
            d="M8 13.5a5.5 5.5 0 1 0 0-11 5.5 5.5 0 0 0 0 11M8 15A7 7 0 1 0 8 1a7 7 0 0 0 0 14m.75-3.75a.75.75 0 1 1-1.5 0 .75.75 0 0 1 1.5 0M7.111 6.156a.889.889 0 1 1 1.156.848c-.441.139-1.017.565-1.017 1.29v.866a.75.75 0 1 0 1.5 0v-.736a2.39 2.39 0 1 0-3.139-2.268.75.75 0 1 0 1.5 0"
            fill-rule="evenodd"
          />
        </svg>
      </span>
    </span>
  </button>
</DocumentFragment>
`;
